[0m14:12:16.756770 [debug] [MainThread]: Sending event: {'category': 'dbt', 'action': 'invocation', 'label': 'start', 'context': [<snowplow_tracker.self_describing_json.SelfDescribingJson object at 0x1103b9f70>, <snowplow_tracker.self_describing_json.SelfDescribingJson object at 0x112419160>, <snowplow_tracker.self_describing_json.SelfDescribingJson object at 0x112419490>]}


============================== 14:12:16.759433 | 9b9ee5bf-4d49-4540-b4a3-8ed926a2d27a ==============================
[0m14:12:16.759433 [info ] [MainThread]: Running with dbt=1.10.22
[0m14:12:16.759809 [debug] [MainThread]: running dbt with arguments {'quiet': 'False', 'use_colors': 'True', 'write_json': 'True', 'fail_fast': 'False', 'cache_selected_only': 'False', 'profiles_dir': '/Users/nicholaschong/.dbt', 'empty': 'None', 'log_format': 'default', 'introspect': 'True', 'partial_parse': 'True', 'target_path': 'None', 'warn_error_options': 'WarnErrorOptionsV2(error=[], warn=[], silence=[])', 'log_cache_events': 'False', 'static_parser': 'True', 'use_experimental_parser': 'False', 'send_anonymous_usage_stats': 'True', 'log_path': 'logs', 'no_print': 'None', 'printer_width': '80', 'warn_error': 'None', 'version_check': 'True', 'debug': 'False', 'invocation_command': 'dbt init 7shifts_dbt', 'indirect_selection': 'eager'}
[0m14:12:16.768251 [info ] [MainThread]: Creating dbt configuration folder at /Users/nicholaschong/.dbt
[0m14:13:49.774922 [error] [MainThread]: Encountered an error:

[0m14:13:49.820272 [error] [MainThread]: Traceback (most recent call last):
  File "/Users/nicholaschong/Projects/7shifts_summit_project/venv/lib/python3.9/site-packages/dbt/cli/requires.py", line 178, in wrapper
    result, success = func(*args, **kwargs)
  File "/Users/nicholaschong/Projects/7shifts_summit_project/venv/lib/python3.9/site-packages/dbt/cli/requires.py", line 128, in wrapper
    return func(*args, **kwargs)
  File "/Users/nicholaschong/Projects/7shifts_summit_project/venv/lib/python3.9/site-packages/dbt/cli/main.py", line 483, in init
    results = task.run()
  File "/Users/nicholaschong/Projects/7shifts_summit_project/venv/lib/python3.9/site-packages/dbt/task/init.py", line 324, in run
    project_name = self.get_valid_project_name()
  File "/Users/nicholaschong/Projects/7shifts_summit_project/venv/lib/python3.9/site-packages/dbt/task/init.py", line 278, in get_valid_project_name
    name = click.prompt("Enter a name for your project (letters, digits, underscore)")
  File "/Users/nicholaschong/Projects/7shifts_summit_project/venv/lib/python3.9/site-packages/click/termui.py", line 164, in prompt
    value = prompt_func(prompt)
  File "/Users/nicholaschong/Projects/7shifts_summit_project/venv/lib/python3.9/site-packages/click/termui.py", line 147, in prompt_func
    raise Abort() from None
click.exceptions.Abort

[0m14:13:49.825979 [debug] [MainThread]: Resource report: {"command_name": "init", "command_success": false, "command_wall_clock_time": 93.11571, "process_in_blocks": "0", "process_kernel_time": 0.14037, "process_mem_max_rss": "101826560", "process_out_blocks": "0", "process_user_time": 0.859548}
[0m14:13:49.827293 [debug] [MainThread]: Command `dbt init` failed at 14:13:49.826923 after 93.12 seconds
[0m14:13:49.828102 [debug] [MainThread]: Sending event: {'category': 'dbt', 'action': 'invocation', 'label': 'end', 'context': [<snowplow_tracker.self_describing_json.SelfDescribingJson object at 0x1103b9f70>, <snowplow_tracker.self_describing_json.SelfDescribingJson object at 0x112419160>, <snowplow_tracker.self_describing_json.SelfDescribingJson object at 0x1123f37f0>]}
[0m14:13:49.831868 [debug] [MainThread]: Flushing usage events
[0m14:13:50.056788 [debug] [MainThread]: An error was encountered while trying to flush usage events
[0m14:15:08.318215 [debug] [MainThread]: Sending event: {'category': 'dbt', 'action': 'invocation', 'label': 'start', 'context': [<snowplow_tracker.self_describing_json.SelfDescribingJson object at 0x1063e1e50>, <snowplow_tracker.self_describing_json.SelfDescribingJson object at 0x11197b9d0>, <snowplow_tracker.self_describing_json.SelfDescribingJson object at 0x11197bd00>]}


============================== 14:15:08.321310 | 369bb8ed-035f-496b-be87-a8e557cb6db4 ==============================
[0m14:15:08.321310 [info ] [MainThread]: Running with dbt=1.10.22
[0m14:15:08.321681 [debug] [MainThread]: running dbt with arguments {'printer_width': '80', 'indirect_selection': 'eager', 'write_json': 'True', 'log_cache_events': 'False', 'partial_parse': 'True', 'cache_selected_only': 'False', 'profiles_dir': '/Users/nicholaschong/.dbt', 'fail_fast': 'False', 'debug': 'False', 'log_path': 'logs', 'version_check': 'True', 'warn_error': 'None', 'use_colors': 'True', 'use_experimental_parser': 'False', 'no_print': 'None', 'quiet': 'False', 'empty': 'None', 'log_format': 'default', 'static_parser': 'True', 'introspect': 'True', 'warn_error_options': 'WarnErrorOptionsV2(error=[], warn=[], silence=[])', 'target_path': 'None', 'invocation_command': 'dbt init 7shifts_dbt', 'send_anonymous_usage_stats': 'True'}
[0m14:16:38.602847 [debug] [MainThread]: Starter project path: /Users/nicholaschong/Projects/7shifts_summit_project/venv/lib/python3.9/site-packages/dbt/include/starter_project
[0m14:16:38.623382 [info ] [MainThread]: 
Your new dbt project "seven_shifts_project" was created!

For more information on how to configure the profiles.yml file,
please consult the dbt documentation here:

  https://docs.getdbt.com/docs/configure-your-profile

One more thing:

Need help? Don't hesitate to reach out to us via GitHub issues or on Slack:

  https://community.getdbt.com/

Happy modeling!

[0m14:16:38.624080 [info ] [MainThread]: Setting up your profile.
[0m14:16:44.329843 [info ] [MainThread]: Profile seven_shifts_project written to /Users/nicholaschong/.dbt/profiles.yml using target's sample configuration. Once updated, you'll be able to start developing with dbt.
[0m14:16:44.333126 [debug] [MainThread]: Resource report: {"command_name": "init", "command_success": true, "command_wall_clock_time": 96.06388, "process_in_blocks": "0", "process_kernel_time": 0.130113, "process_mem_max_rss": "98926592", "process_out_blocks": "0", "process_user_time": 0.803317}
[0m14:16:44.333888 [debug] [MainThread]: Command `dbt init` succeeded at 14:16:44.333714 after 96.06 seconds
[0m14:16:44.334557 [debug] [MainThread]: Sending event: {'category': 'dbt', 'action': 'invocation', 'label': 'end', 'context': [<snowplow_tracker.self_describing_json.SelfDescribingJson object at 0x1063e1e50>, <snowplow_tracker.self_describing_json.SelfDescribingJson object at 0x1118e8a90>, <snowplow_tracker.self_describing_json.SelfDescribingJson object at 0x11197b2e0>]}
[0m14:16:44.335153 [debug] [MainThread]: Flushing usage events
[0m14:16:44.534889 [debug] [MainThread]: An error was encountered while trying to flush usage events
[0m14:22:34.029116 [debug] [MainThread]: Sending event: {'category': 'dbt', 'action': 'invocation', 'label': 'start', 'context': [<snowplow_tracker.self_describing_json.SelfDescribingJson object at 0x105899df0>, <snowplow_tracker.self_describing_json.SelfDescribingJson object at 0x10691b820>, <snowplow_tracker.self_describing_json.SelfDescribingJson object at 0x10691bb50>]}


============================== 14:22:34.031947 | a7355771-a1f6-4ad4-a084-9b1c8474bd5c ==============================
[0m14:22:34.031947 [info ] [MainThread]: Running with dbt=1.10.22
[0m14:22:34.032339 [debug] [MainThread]: running dbt with arguments {'printer_width': '80', 'indirect_selection': 'eager', 'write_json': 'True', 'log_cache_events': 'False', 'partial_parse': 'True', 'cache_selected_only': 'False', 'profiles_dir': '/Users/nicholaschong/.dbt', 'debug': 'False', 'fail_fast': 'False', 'log_path': 'logs', 'warn_error': 'None', 'version_check': 'True', 'use_colors': 'True', 'use_experimental_parser': 'False', 'empty': 'None', 'quiet': 'False', 'no_print': 'None', 'warn_error_options': 'WarnErrorOptionsV2(error=[], warn=[], silence=[])', 'invocation_command': 'dbt init seven_shifts_project', 'log_format': 'default', 'static_parser': 'True', 'target_path': 'None', 'introspect': 'True', 'send_anonymous_usage_stats': 'True'}
[0m14:22:34.043248 [info ] [MainThread]: A project called seven_shifts_project already exists here.
[0m14:22:34.045189 [debug] [MainThread]: Resource report: {"command_name": "init", "command_success": true, "command_wall_clock_time": 0.061423793, "process_in_blocks": "0", "process_kernel_time": 0.103483, "process_mem_max_rss": "99844096", "process_out_blocks": "0", "process_user_time": 0.749838}
[0m14:22:34.045595 [debug] [MainThread]: Command `dbt init` succeeded at 14:22:34.045515 after 0.06 seconds
[0m14:22:34.045863 [debug] [MainThread]: Sending event: {'category': 'dbt', 'action': 'invocation', 'label': 'end', 'context': [<snowplow_tracker.self_describing_json.SelfDescribingJson object at 0x105899df0>, <snowplow_tracker.self_describing_json.SelfDescribingJson object at 0x1068a1ee0>, <snowplow_tracker.self_describing_json.SelfDescribingJson object at 0x1068bf1c0>]}
[0m14:22:34.047387 [debug] [MainThread]: Flushing usage events
[0m14:22:34.234056 [debug] [MainThread]: An error was encountered while trying to flush usage events
[0m17:31:32.422642 [debug] [MainThread]: Sending event: {'category': 'dbt', 'action': 'invocation', 'label': 'start', 'context': [<snowplow_tracker.self_describing_json.SelfDescribingJson object at 0x1061b1df0>, <snowplow_tracker.self_describing_json.SelfDescribingJson object at 0x1072401c0>, <snowplow_tracker.self_describing_json.SelfDescribingJson object at 0x1072404f0>]}


============================== 17:31:32.425441 | 9b378cc5-a7fa-47b6-aa3e-a5f3cb3698dd ==============================
[0m17:31:32.425441 [info ] [MainThread]: Running with dbt=1.10.22
[0m17:31:32.425783 [debug] [MainThread]: running dbt with arguments {'printer_width': '80', 'indirect_selection': 'eager', 'write_json': 'True', 'log_cache_events': 'False', 'partial_parse': 'True', 'cache_selected_only': 'False', 'profiles_dir': '/Users/nicholaschong/.dbt', 'debug': 'False', 'fail_fast': 'False', 'log_path': 'logs', 'version_check': 'True', 'warn_error': 'None', 'use_colors': 'True', 'use_experimental_parser': 'False', 'no_print': 'None', 'quiet': 'False', 'empty': 'False', 'warn_error_options': 'WarnErrorOptionsV2(error=[], warn=[], silence=[])', 'invocation_command': 'dbt run', 'static_parser': 'True', 'introspect': 'True', 'target_path': 'None', 'log_format': 'default', 'send_anonymous_usage_stats': 'True'}
[0m17:31:32.426151 [error] [MainThread]: Encountered an error:
Runtime Error
  No dbt_project.yml found at expected path /Users/nicholaschong/Projects/7shifts_summit_project/dbt_project.yml
  Verify that each entry within packages.yml (and their transitive dependencies) contains a file named dbt_project.yml
  
[0m17:31:32.427936 [debug] [MainThread]: Resource report: {"command_name": "run", "command_success": false, "command_wall_clock_time": 0.052440792, "process_in_blocks": "0", "process_kernel_time": 0.128088, "process_mem_max_rss": "99614720", "process_out_blocks": "0", "process_user_time": 0.763928}
[0m17:31:32.428209 [debug] [MainThread]: Command `dbt run` failed at 17:31:32.428156 after 0.05 seconds
[0m17:31:32.428419 [debug] [MainThread]: Sending event: {'category': 'dbt', 'action': 'invocation', 'label': 'end', 'context': [<snowplow_tracker.self_describing_json.SelfDescribingJson object at 0x1061b1df0>, <snowplow_tracker.self_describing_json.SelfDescribingJson object at 0x107240eb0>, <snowplow_tracker.self_describing_json.SelfDescribingJson object at 0x107240c10>]}
[0m17:31:32.428627 [debug] [MainThread]: Flushing usage events
[0m17:31:32.710714 [debug] [MainThread]: An error was encountered while trying to flush usage events
[0m17:41:44.794475 [debug] [MainThread]: Sending event: {'category': 'dbt', 'action': 'invocation', 'label': 'start', 'context': [<snowplow_tracker.self_describing_json.SelfDescribingJson object at 0x104bbad90>, <snowplow_tracker.self_describing_json.SelfDescribingJson object at 0x105e481f0>, <snowplow_tracker.self_describing_json.SelfDescribingJson object at 0x105e48520>]}


============================== 17:41:44.797283 | 56887d7b-b220-4a8e-8580-598263a50bf0 ==============================
[0m17:41:44.797283 [info ] [MainThread]: Running with dbt=1.10.22
[0m17:41:44.797663 [debug] [MainThread]: running dbt with arguments {'printer_width': '80', 'indirect_selection': 'eager', 'write_json': 'True', 'log_cache_events': 'False', 'partial_parse': 'True', 'cache_selected_only': 'False', 'profiles_dir': '/Users/nicholaschong/.dbt', 'version_check': 'True', 'debug': 'False', 'log_path': 'logs', 'warn_error': 'None', 'fail_fast': 'False', 'use_colors': 'True', 'use_experimental_parser': 'False', 'empty': 'False', 'quiet': 'False', 'no_print': 'None', 'warn_error_options': 'WarnErrorOptionsV2(error=[], warn=[], silence=[])', 'invocation_command': 'dbt run', 'introspect': 'True', 'static_parser': 'True', 'target_path': 'None', 'log_format': 'default', 'send_anonymous_usage_stats': 'True'}
[0m17:41:44.798047 [error] [MainThread]: Encountered an error:
Runtime Error
  No dbt_project.yml found at expected path /Users/nicholaschong/Projects/7shifts_summit_project/dbt_project.yml
  Verify that each entry within packages.yml (and their transitive dependencies) contains a file named dbt_project.yml
  
[0m17:41:44.799621 [debug] [MainThread]: Resource report: {"command_name": "run", "command_success": false, "command_wall_clock_time": 0.049760457, "process_in_blocks": "0", "process_kernel_time": 0.126604, "process_mem_max_rss": "99090432", "process_out_blocks": "0", "process_user_time": 0.748401}
[0m17:41:44.799895 [debug] [MainThread]: Command `dbt run` failed at 17:41:44.799841 after 0.05 seconds
[0m17:41:44.800109 [debug] [MainThread]: Sending event: {'category': 'dbt', 'action': 'invocation', 'label': 'end', 'context': [<snowplow_tracker.self_describing_json.SelfDescribingJson object at 0x104bbad90>, <snowplow_tracker.self_describing_json.SelfDescribingJson object at 0x105e48040>, <snowplow_tracker.self_describing_json.SelfDescribingJson object at 0x105e481f0>]}
[0m17:41:44.800315 [debug] [MainThread]: Flushing usage events
[0m17:41:45.021423 [debug] [MainThread]: An error was encountered while trying to flush usage events
